Metadata Dokumen: {'jenis_peraturan': 'Peraturan Presiden Nomor 95 Tahun 2018 tentang', 'nomor': '95', 'tahun': '2018', 'tentang': 'PEMANTAUAN DAN EVALUASI  SISTEM PEMERINTAHAN BERBASIS', 'sumber_file': 'Permenpan 59 2020.pdf'}
Batang Tubuh Bab Count: 1
Lampiran Kuesioner Count: 47
Indikator 1 levels:
  tingkat_1: Konsep kebijakan internal terkait Arsitektur SPBE Instansi Pusat/Pemerintah Daerah belum atau telah ...
  tingkat_2: Kebijakan internal Arsitektur SPBE  Instansi Pusat/Pemerintah Daerah telah ditetapkan. Kondisi: Kebi...
  tingkat_3: Kriteria tingkat 2 telah terpenuhi dan kebijakan internal Arsitektur SPBE Instansi Pusat/Pemerintah ...
  tingkat_4: Kriteria tingkat 3 telah terpenuhi, kebijakan internal Arsitektur SPBE Instansi Pusat/Pemerintah Dae...
  tingkat_5: Kriteria tingkat 4 telah terpenuhi serta hasil reviu dan evaluasi kebijakan internal Arsitektur Inst...

Total Chunks generated: 335
